abominar
aflicció
aflictiu
afligidor
afligiment
afligir
afligit
agreujat
alacaigut
alinear-se_amb
angoixa
angoixar-se
angoixat
antipatia
apesarat
apocament
apocar
aprensió
atac_de_pànic
aterridor
atroç
avar
avariciós
avergonyir-se
aïrar-se
aïrat
calamitós
capbaix
capmoix
colèric
compadir
compadir-se
contrarietat
cremor_d'estòmac
culpabilitat
cínic
defalliment
defraudat
demolidor
denigrant
depre
depriment
deprimir
deprimit
desacreditat
desagradable
desagradar
desagraïment
desanimar
desaprovar
desassossegat
desconfortar
desconsol
desconsolació
desconsolat
descontentar
descoratjador
descoratjar
desdenyar
desesperançat
desgrat
desgràcia
deshonorant
deshonrat
desil·lusionat
desmoralitzar
desmoralitzat
despit
desplaure
destructiu
detestar
dificultós
difícil
disgustar
dissort
doldre's
dolgut
dolorit
dolorós
empipador
empipat
emprenyador
emprenyat
encalçament
encolerir-se
enfadar-se
enfadat
enfadós
enfellonir
enfredorir
enfurir-se
enrabiada
enrabiat
entristir-se
entristit
enutjar-se
enutjat
enutjós
esborronant
esfereïdor
esgarrifós
espantós
esparverador
estremidor
exasperar
fastigós
fellonia
furibund
furiós
geniüt
horrible
horroritzat
horrorós
humiliar
hòrrid
ignominiós
incomodar
indignant
indignat
infelicitat
ingratitud
insídia
intranquil
irascible
irat
irritant
irritat
lamentable
llòbrec
lúgubre
macabre
mal_caràcter
mal_humor
maleficència
malenconiós
malignitat
malvolença
malèfic
malèvol
melancòlic
menyspreança
misantròpic
misogínia
molest
mortificar
mosquejat
odiar
ofendre
ofenós
oprobiós
paorós
penedit
pesar
pesarós
plorós
preocupat
provocat
pudor
rabiós
rancor
rebequeria
recança
repugnant
ressentiment
ressignat
sentiment_de_culpa
simpatitzar
simpatitzar_amb
temible
temorós
terrible
terrorífic
terrífic
trist
témer
ultratjant
vexació
vexador
vexant
vexatori
vilipendi
desolador
equívoc
tenir_por
adolorir
adulterí
adustesa
agarrat
anguniejar
aparençar
assassí
atròfia
avern
bastard
bord
brutor
bàratre
calumniador
calumniós
carregar-se
castigar
censurable
condemnable
condol
contrabandista
cretí
crisi_nerviosa
declarar_culpable
deixar-la_anar
denigrador
denigratori
desacreditador
desaparegut
desconèixer
desemparar
desesperançar
desfavorable
desgana
desharmonia
deshonra
desprestigiador
deteriorable
difamador
difamatori
disconformitat
eixut
enfosquir-se
esfumat
espuri
expenses
faltar_al_respecte
fer_rabiar
fill_il·legítim
fill_natural
fingir
fracassar
fètid
garrepa
gasiu
homicida
idiota
imbècil
immoderat
inadmissible
incompetència
incriminable
inelasticitat
infern
infidel
inhabilitat
injunció
injuriós
inobservació
inobservança
insultant
irrespectuós
llibertar
mal_ús
mala_disposició
malifeta
manca_de_tacte
mentider
no_qualificat
oblidat
obscurir-se
orc
pestilent
pispar
pudent
punir
punt_dèbil
putada
puteria
putrescible
rata
recriminable
reialme_de_les_tenebres
reprensible
reprotxable
reprovable
retard_mental
sense_amor
sinistre
tacany
tanoca
tenebrós
treure_de'n_mig
veleïtós
abaixar_el_to
algofòbic
ampul·lositat
ampulós
anar_en_vaixell_de_vapor
antiestètic
antipatriòtic
aparatositat
apurar
autoinculpació
barroeria
brau
bravada
burlaner
butzinaire
ceguesa
condemnar
cruesa
culpa
deficiència_profunda
desaconsellable
desagradós
desagraït
desequilibri
deshonrar
deshonrar-se
despreciat
destructivitat
detestat
dispèptic
enfosquit
enganyós
envilanir
envilir
esquizofrènic
estar_malalt
fer_greu
ferum
fetor
fictici
fortor
fraudulent
grosseria
hipocondria
immatur
imperdonable
impetuós
impopularitat
imprevisió
incumpliment
indigerible
indigestible
ineficàcia
inexacte
inextricable
ingrat
inobservància
intransferible
linxar
mala_olor
malhumorat
malhumorós
manca_d'amabilitat
misofòbic
odiat
passivitat
pestilència
ploricó
pompositat
rabiar
rabiüt
renyar
retreure
rondinador
rondinaire
sacrificar-se
somicó
sordesa
tenir_un_col·lapse_nerviós
tenir_una_pèrdua
tita_molla
tonteria
tosquedat
trampós
trastornat
traumatitzar
trifulga
tuf
venjatiu
vilania
volàtil
xenòfob
acabat
advers
advertència
afusellar
agonia
agreujament
aleatorietat
amenaçador
anguniós
anèmia
assassinar
assassinat
assolador
atrofiar-se
aturament
badomeries
badomies
bast
bastard
batallar
beneit
busca-bregues
camperol
campestre
cansament
cerca-bregues
citació_a_dia_cert
colpir
combatre
conflicte
consumptiu
contrasentit
contreure's
coïssor
cremor
criminal_desesperat
crisi_d'identitat
defallença
defecte
deficiència
degradar-se
descabdellat
descaradura
descortés
desenredar-se
desesperat
desgavellat
deshonor
desobeir
desolat
desproporcionat
destret
destructor
detriment
devastador
discòrdia
dismenorrea
doldre
elegia
embosca
emboscada
enfadar
enfrontament
enganyar
ensulsir-se
enterrat
epilèpsia_generalitzada
escandalitzar
escurat
esllavissar-se
esmorteir-se
esquerp
esquiu
estàtica
estúpid
evasiu
fallada
fal·làcia
farfolla
fatigació
fer_mal
fer_miques
fill_de_puta
fosc
fràgil
furó
gamarús
garbuix
gargot
gilipollas
gilipolles
grosser
guixada
hipotiroïdisme
immodificable
immutabilitat
impensable
imperfecció
impersuasible
imprecació
improperi
impropietat
inacceptable
inalienable
inanició
inanimat
inconcebible
inconscient
increpació
incriminació
inculpació
indigest
intransigent
invectiva
iracund
lata
lleig
maledicció
maleducat
malparit
mancança
mancat
matança
menyspreable
màcula
nyap
ordinariesa
pallús
paraplegia
paraulota
penalitzar
perduda
perdulària
plorar
pluja_radioactiva
pocavergonya
precarietat
principiant
problema_de_salut
pusil·lanimitat
ranci
recular
renec
reprensió
reprotxe
ressentir-se
ronyós
roí
rude
sofisma
sofriment
sollevar
superficialitat
tara
tempesta
tipus_estrany
tiranicidi
tocat_del_bolet
torturador
tosc
traficant
tísic
vil
vituperi
volubilitat
voluble
abrasador
absolta
abús
acidesa_d'estómac
acrimonia
acromàtic
acràcia
afanar
afeblit
agents
albuminúria
algòmetre
altercació
amnèsia_retrògrada
analfabetisme
anarquia
anatematitzar
anestèsia
angoixós
anihilació
aniquilació
anodí
anorreament
ansiolític
antihigiènic
antineoplàstic
aparat
apel·lant
apocalipsi
apoquir
apàtic
ardència
arrufar
arterós
artràlgia
as_de_pics
assolar
astenosfera
astut
astuta
atac_sobtat
avarícia
avitaminosi_B1
baríton
batussa
beri-beri
bibos
blau_fosc
blau_marí
bluf
bragues
branta
braçal_de_dol
brivall
bronquític
bru
burleta
cacofonia
cacofònic
cadaverina
cagaferro
cagar-la
calces
calcetes
canotier
cant_fúnebre
capficar-se
capgirament
carnisseria
casa_de_boigs
casa_de_bojos
cataclísmic
cavall_roig
caòtic
cec
ceguetat_diürna
clamor
cleptòman
coent
colló
commoció_cerebral
complicar
condemnació
confessar
contrafaïment
coragre
coragror
corcadura
corrossiu
cosa_indispensable
crepuscular
creu_pontifical
crèdul
crítica_dura
crítica_feridora
deixament
deleteri
derrotat
desacreditar
desaprensió
desatenció
descamisat
descoloriment
desconcertant
descortès
descurar
desdenyable
desembullat
desendreçament
desequilibri_emocional
desfavorir
deslluïment
desmaiar-se
desmesura
desmillorar
desnutrit
desorganitzat
despersonalització
despoliment
desprestigiar
destrossar
devastar
diabètic
diputada
diputat
discordància
dissonància
disúria
dolor_agut
eixalabrat
embull
empal·lidir
enderiat
enemic_mortal
enlletgir
enverinat
enviliment
eritema
esblaimar-se
esbojarrat
esbronc
esclerosi_múltiple
esfereït
esguerrat
espasme
especiositat
espifiar
esporàdic
esquívol
estratus
estressant
estridor
estridència
estrèpid
exasperat
excrescència
extremat
extremista
fador
falsar
falsejar
falsificar
fantasiador
fantasiaire
fatalitat
fer_barroerament
fer_podor
fiasco
fingiment
forces_de_l'ordre
forces_de_l'ordre_públic
forces_policials
formigueig
fracturar
gangrenós
garneu
garrular
gemegor
genus_bibos
genus_branta
genus_sivapithecus
geperut
gori-gori
gosat
grafitti
graneua
granític
groller
grolleria
guanac
guerriller
guillat
gàbia_de_boigs
hampa
hemopatia
hemosiderosi
heterogeneïtat
hipermetropia
hipoglucèmia
horrífic
iconoclàsia
ignorant
ignorància
imbecil·litat
immolar
immortal
immunitzat
immunodeficiència
impaciència
imperatiu
impertinència
impietat
implacable
inaplicabilitat
inatenció
incompleció
inconstitucional
indecorós
indegut
indeterminable
indigne
indignitat
inelegància
inexcusable
inexperiència
inexplicació
informal
infrangible
innoble
inquebrantable
inquietar
insensat
insensibilitzat
insustancialitat
intimidatori
intrincat
investigació_judicial
inviolable
irreflexiu
ixòdids
jeremiada
licopè
llanguir
mala_fe
malaltia_de_la_sang
malastrugança
maledicència
malendreç
malmesclar
mamarratxo
maníacodepressiu
mascarada
maximalista
menester
merder
microsporidis
mirar_bocabadat
mixosporidis
mofador
mofaire
mofeta
moléstia
mordaç
moreno
morè
mujahidí
mutilat
món_del_crim
narcotisme
neguitejar-se
neutre
nictalopia
nimbus
nimfòmana
nuvolot
obsessionat
obsessiu
obsés
odiositat
oftalmia
oosfera
ordre_d'execució
osteoporosi
part_inferior
patetisme
patètic
pejoratiu
pena_capital
pena_de_mort
perible
perillositat
perillós
pertorbador
pessigada
petaner
petit_burgès
picardiosa
picardiós
piromania
plany
plomís
poeta_elegíac
poltergeist
polvorització
posar_en_perill
prevariació
producció_insuficient
professor_agregat
propens
puntimirat
punyada
punyeter
pàlid
queixal_del_seny
quixotesc
rampinyar
rancorós
rebaixinc
recurrent
regust
remor_sorda
repel·lent
repeló
reprimenda
reprotxar
requeriment
roba_de_dol
romàntic
ronya
ruboritzat
rutinari
sabotatge
saltar-se
scratch
sembrar_la_zitzània
simbòlic
simple
sonat
sonsada
sonsesa
sonso
sord
sorrut
subalimentat
subcampió
sufocador
superstició
sòrdid
taciturn
tallarol_de_casquet
taral·lirot
taverna_clandestina
tensar-se
tentineig
tentines
terrorisme
tesar-se
tibar-se
tocat_de_l'ala
torbador
torera
torrapipes
toxicitat
tractament_inhumà
traumàtic
tribunal_superior
tràngol
turmentar-se
turtledove
vacunat
vençut
vermut_dolç
vermut_negre
vil
vilesa
voluntarietat
víctima_mortal
xerrotejar
zona_perillosa
