admiració
admirar
adorar
afavorir
afecte
afectuositat
alegrar
alegria
alleugerir
amor
anhel
animar
apassionat
ardent
assossegat
avidesa
benefici
beneficència
bondat
bé
confiança
confortar
consolar
convençut
divertir
emoció
enamorament
encoratjar
ensopiment
eròtic
estimació
estimar
eufòric
extasiar
exultació
fratern
fraternal
fruir
gaudir
gratitud
hilaritat
interès
jocós
languiment
llangor
lleialtat
plàcid
preferència
proper
reanimar-se
recte
seduir
simpatia
solaçar
superior
superior
tendre
tendresa
tranquil
tranquil·litzador
tranquil·litzar
ufanós
utilitat
àvid
íntim
abatiment
abatre
abatut
afligir-se
agravi
agressivitat
alarma
alarmar
alarmat
alertar
alterat
amargor
amoïnar
amoïnar-se
animadversió
ansietat
apenar
aprensiu
apurar-se
atabalar
atabuixar
aterrit
autocompassió
avergonyiment
avergonyir
avergonyit
aversió
avorrir
aïrament
basarda
bel·ligerància
commiseració
compassió
compassió_de_si_mateix
compunció
consternació
contrició
cruel
crueltat
decaigut
deplorar
desanimat
desassossec
descoratjament
desdeny
desemparament
desemparança
desitjar
despietat
desànim
disgust
disgustat
dissuadir
dolor
emmurriament
empaitar
empegueïment
empipament
encolerir
encongiment
enfuriament
enfuriment
enfurir
entristir
enutjar
escàs
esglaiat
espantat
esquira
exacerbació
exasperació
exasperant
execració
execrar
fart
fastidiar
fastiguejar
fastiguejat
fatal
fatigar
fer_fàstic
forassenyat
frustració
fàstic
fúria
histèria
horripilant
horror
horroritzar
hostilitat
inclement
inhumanitat
inoportú
inquiet
inquietar-se
inquietud
insatisfet
insegur
inseguretat
inspirar_aversió
insuficient
intimidat
intolerable
intranquil·litat
iracúndia
irascibilitat
irritació
irritar
mala_llet
malenconia
maliciós
maligne
malvat
malícia
menysprear
menyspreu
misantropia
miserable
misologia
misoneisme
moix
molestar
monstruós
monòton
mortificat
míser
múrria
nauseabund
negre
neguit
nerviós
obscur
odi
opressió
pena
penediment
penós
perjudicial
pertorbar
pesat
pessimisme
pessimista
petrificat
poruc
pressentiment
pànic
rancúnia
reguard
remordiment
repel·lir
repugnar
repugnància
repulsiu
repulsió
repulsori
resignació
ràbia
sentiment_de_classe
sortir_de_polleguera
sufocat
temença
temerós
temor
tenir_ganes_de
tribulació
tristesa
tristor
turment
turmentar
tírria
vergonya
vergonyós
vexar
vomitiu
altruista
delectar-se
asquerós
culpable
devastedor
impropi
abadessa
abanderar
abastir
abat
abatible
abillat
abonar
absorbible
absurd
acabalat
acadèmia
acceptació
acceptat
accessibilitat
acidificant
acollir
acolorit
acomodació
acomodar
acord_escrit
acordat
acostumat
acreditar
activació
activista
activitat
acumulatiu
acídic
acústica
adaptabilitat
adaptar
adherent
adhesió
adinerat
admetre
admirador
admès
adorable
adquirible
adular
adult
aeròbic
afalac
afegible
afilat
afinar
afluixar-se
afuat
agosarat
agregat
aigua_potable
airositat
ajuntat
ajustar
ajut_financer
alfabetitzacio
alletar
alt
alta_fidelitat
altruista
al·licient
amabilitat
amagat
ambidextre
ambivalència
ametista
amfipròstil
amfípode
amfòter
amor_fraternal
amorosir
amplada
ampli
anacoreta
anaeròbic
anfipròtic
annex
annexat
anomenada
antheraea
antiaeri
antiàcid
antropofàgia
anunciat
anàleg
apaivagar-se
apassionant
apegalós
apetitós
aplaudir
aplicabilitat
apocàrpic
apologia
aprofitable
aprovació
aptitud
arbitrable
arcà
argentat
aristotelisme
armat
arreglar-se
arrodonir
artefacte
artesanal
artesania
arts
ascendent
asimptomàtic
assaciar-se
assessor
assessora
assimilatiu
assimilatori
associat
associatiu
assolellat
assuaujar
assuavir
astronòmic
astut
ataronjat
ataràctic
atent
atipar-se
atractiu
atractivitat
atreure
atribuïble
audibilitat
auge
auri
auspici
autoadhesiu
automatitzat
autoritari
autoritzat
avantatge
avançar
avançat
bactericida
basificar
beatificat
begut
beguí
beneficis
beneir
benignitat
benintencionat
benparlat
bescanviabilitat
bhakti
biologisme
bioquímic
bipolar
bitllet_d'autobús
bitllet_de_tren
blasonat
blindat
bocabadat
boirós
bonança
bones_notícies
borlat
borni
bravo
brillant
brillantor
brocat
bromós
brutal
burlesque
cabalístic
calculat
caldejar-se
calent
cal·ligrafia
cal”ligrafia
camí_de_bast
camí_de_ferradura
canibalisme
canonitzat
canviant
cançó_religiosa
capacitar
capacitat
capital
cara-rodó
carambola
carisma
caritat
carmesí
carmí
casolà
casuística
catequesi
cautela
cavallerositat
celebració
celebritat
centralitzar
centrípet
cerimònia_religiosa
cicatritzat
circumstancial
cirera
civil
clandestí
clar
claredat
classista
clavetejar
clement
clàssic
coactiu
coercitiu
coextensiu
coherent
coherència
coixinet
colltort
colorat
colossal
columnat
col·lectiu
combinable
combinador
combinat
combinatori
comburent
començar_a_treballar
commemoració
commensurable
comoditat
compensació
competent
complet
complimentar
comprensibilitat
comprensible
comprensió
comprometre's
comunicatiu
concepte
concert_benèfic
concertació
concomitant
concordança
concís
condecorar
coneixedor
coneixement
coneixement_pràctic
confiabilitat
confiat
confidencial
confirmar
confluent
conformista
confort
confucionisme
congeniar
conjunt
connectat
consagrar
consagrar-se
conscienciós
conscient
consciència
conseqüent
consideració
considerat
considereació
consolidador
consonant_sibilant
constant
constatar
constitutiu
consultor
consultora
consumar
contagiós
contemporitzador
contigu
contracte_unilateral
control_de_qualitat
convencionalisme
conveniència
convent_de_monges
convertible
convingut
convèncer
coordinació
cop_d'efecte
cornut
correcció
corredís
corregir
corresponent
cortesia
cortès
cosmètic
creació_artística
credibilitat
crestat
criticaire
crònic
cuidar-se
cuidat
cuirassat
culte
culturista
curabilitat
curar
curiositat
cànon
cíclic
cínic
cívic
còmic
córner
dansa_ceremonial
dansa_ritual
daurat
decent
declamatori
decreixent
decència
dedicar-se
definit
degenerat
deixar_parat
deliberat
delirant
delit
demagog
depassar
depravat
derivat
desblocar
desbordar
descendent
descentralitzador
descompressió
desconnectar
descontrolat
desembors
desemborsament
desentelar
desglaçar
deshumanització
desinfectant
desitjabilitat
despenalitzar
despert
desprès
desvetllat
desvitalització
determinant
determinisme
devessall
dia_dels_enamorats
diari
dicinodont
dieta_equilibrada
diligent
dinàmic
diplomàtic
directe
dirigent
discreció
discriminador
discriminatori
disminuït
disponible
disposar
disputador
dissertar
distret
divinació
divulgat
divulgatiu
diàlisi
dolçàs
domesticació
domesticar
domesticat
domèstic
dona_de_pes
donar_fruits
donar_hostalatge
donar_suport
doula
dramàtic
dreçar
dringadera
dringadissa
ebri
econòmic
edèn
eficient
eficàcia
efusiu
eixerit
elasticitat
electritzant
elegància
elevat
elisió
elitista
elogi
elogiador
elàstic
emblemàtic
embriac
embrollaire
emfàtic
eminent
emmanillar
emmoquetat
emocionant
empatia
empedreït
emplomallat
empolainar-se
enaltir
encaixat
encant
encobert
encoixinat
encomanda
encomi
encriptat
encís
endevinació
endreçat
energia
engrillonat
engrossir
enllaçable
enllaçat
enorme
ensinistrar
ensinistrat
entremaliat
entrenat
entreteniment_educatiu
entès
envermellit
envoltant
enèrgic
epicuri
equanimitat
equilibrat
equipar
equitat
equivalent
equivalència
esbargiment
escalfar-se
escarlata
escatimar
escola_parroquial
escola_religiosa
escollit
escórrer-se
esgarriacries
espaiós
espaterrat
espavilat
especial
especialitzar-se
espectacular
espiritualització
esplendor
espollar
esponera
esprint
esquerrà
estabilitzar-se
estable
estar_d'acord
esteorofònic
estiuejador
estiuejant
estudis
estèreo
esvelt
evocador
evocatiu
exactitud
exactitut
excel·lir
excepcional
excitat
expectar
experiència
expressiu
exquisit
extens
extraordinari
extrovertit
extrovertit
exuberant
exuberància
fantàstic
farcit
farisaic
fariseu
favor
favorit
fecundar
felicitació
felicitar
fenomen
fer_mutis
fer_sonar
ferm
feta
fi
filantrop
filosofia
finesa
fingit
flexible
florent
florescent
fluent
fluid
fluorescent
folgança
foment
fondo
forense
formal
formalitat
formalitats
formidable
fornit
fort
fortalesa
forçut
fosforescent
franc
franquesa
fructífer
fruïció
fumat
furgoneta_de_repartiment
fàcil
galanxó
galàctic
garratibat
gasela_persa
gastrònom
gaudi
genealogista
generositat
gentilesa
genus_antheraea
genus_gobio
germicida
glamourós
glide
global
gloc-gloc
glorificat
glutinós
glòria
gobio
gomós
gorrejar
gourmet
governant
gran
grana
gregari
groc
gràcia
gràcil
gràfic
guanys
guariment
guarir
guarir-se
guiar-se
gustós
habilitar
habilitat
habitual
habituat
hedonisme
hermètic
heterosi
hidròfob
hifi
higiènic
hiperactiu
hipertiroïdisme
hipnotitzador
home_de_pes
homogeneitzat
homogeni
honradesa
hosanna
hostatge
humanitari
humanitats
humorada
illustracio_grafica
imbricat
immaculat
immanent
immeculat
imparcialitat
impecable
impertorable
impol·lut
important
importància
impregnar
impressionant
impressionar
impressionat
impune
incandescent
incansable
inconfusible
incontrolat
independent
indicatiu
individual
individualista
indreïble
indubtable
inductiu
indulgent
inequívoc
inestimable
infatigable
infectat
infecte
inflamable
influenciar
informatiu
infrasònic
ingeni
ingerir
inigualat
innocent
innovador
institució_docent
integrador
integritat
intercanviabilitat
interessar
intermig
intern
internar-se
interpretació_literal
interès_personal
intrigar
intrínsec
invent
inversemblant
ioga
irrebatible
irrompible
isòtrop
jardí_terrenal
jesuític
jesuïta
jubileu
junt
jurament_hipocràtic
juvenil
lacrar
lacònic
latitud
legalitzar
legitimar
legítim
lent_anastigmàtica
lila
liliaci
liquidador
lladruc
llagotejar
llarg
llaç_blau
llest
llevat
llibertari
llicenciar-se
lliscant
lliurement
lloc_d'interès_turístic
lloctinent
lluent
lluir
lluminositat
lluminós
llunyà
llustrós
longanimitat
lucratiu
luminescent
luxós
lívid
lògica
lúcid
madur
magenta
magnànim
malva
manejabilitat
manicura
manifest
manualitat
manumetre
manya
mare_superiora
marginat
marrameu
marronós
marró
massís
maximitzar
megalomania
meitat
melindrós
melodiós
menut
menystenir
meritocràcia
merèixer
mestria
mesures
meticulós
metodisme
metàl·lic
millor
millorar
minuciós
minvant
miol
miracle
mitjà
modern
moderno
modificable
modèstia
momentani
monosèmic
moral
moralitzar
motivador
mucilaginós
mugit
mundial
muntat
musculat
musculós
mutabilitat
mèrit
mòbil
música_clàssica
música_pop
nadala
natural
nebulós
neoclàssic
net
net
netedat
no
normal
normalitat
objectivitat
observador
occidentalitzar
oci
ociós
ocre
ocult
oferir-se
ofertori
ofici
oficina_d'ocupació
olivaci
ometre
onomatopeia
operatori
or
ordenat
orgànic
orientació_religiosa
orientador
originalitat
ornament_arquitectònic
ortodòxia
ovació
oxidable
pacient
pacificació
paciència
pacte
pacte_de_cavallers
palès
pampa
panegirista
panegíric
panxut
paper_ceba
parar_atanció
parcial
participar
participar_d'una_qualitat
particular
partit
parxís
passar_el_forrellat
passiu
passiva
pastiu
pastós
patent
paternalisme
pensar_a
pentecostalisme
percepció_del_so
perceptible
perfeccionament
perfeccionar
perigeu
perit
periòdic
permís
perpicaç
persona_a_càrrec
perspicaç
perspicu
perspicüitat
pervertit
perícia
piano_de_mitja_cua
picant
ping
plaer
planúria
plausibilitat
playboy
ple
plus
polemista
polir
polit
pols_(partícules)
poma_borda
popular
popularitzar
popularitzar
posar_a_punt
positivista
possible
postada
posturer
potència
pragmatisme
precipitat
precisió
predilecció
predilecte
predilecte
predisposat
predominant
preeminència
preferit
preferit
pregon
preliterari
premeditat
prescrit
prevaler
prevenció
previsible
primera_qualitat
primers_auxilis
principal
principi_del_plaer
priora
prismàtic
privat
probitat
producció_artística
productiu
profecia
professió
profusió
programa_d'educació
programació_orientada_a_objectes
progresista
progressista
progressista
proliferació
prolongat
prometre
prometre's
pronom_personal
proveir
proverbial
proves_indirectes
prudència
pràctic
pròstil
puericultura
pulcre
pulcritut
puntualitat
pur
purulent
públic
qi
quirúrgic
qüestionable
racional
racionalista
racionalitat
racista
radiant
raonable
ratificació
real
reanimar
recelós
recolzar
recomanació
recomanar
recompensar
reconciliar
recordar-se_de
rector
redreçar
redreçar-se
reductor
referèndum
refet
refinament
reforma
reformista
refrescar
refulgent
regi
reglar
regnant
regularitzar
reincident
relacionat
relaxant
rellevant
rellevar
rellevància
rememorar
reminiscent
repentí
repic
repujat
requerit
requisa
requisició
rescalfar
rescalfar-se
reservat
resolut
respectes
respectuós
restablert
retrotreure
retrunyiment
reunir_en_un_centre
revoltós
revolucionari
ric
ritu_religiós
robust
rogenc
rosa
rosat
rosbif
rosegaaltars
ràpid
saborós
sagrat
saltiró
sanar
sanitat
santificació
santificar
satinat
saturat
saturnals
sedant
sedós
segellar
segur
selecció_natural
semblant
semiautomàtic
semidespullat
semivocal
sencer
senil
sensatesa
sensitiu
sentit_del_bé_i_del_mal
seny
separable
ser_digne_de
serietat
sibilant
sibil·lí
sibil·lític
significació
simetria
similar
simulat
sinalefa
sincer
sinceritat
sistema_de_gravació
sistema_del_gas
so_vocàlic
sobrecarregat
sobreexplotació
sociable
social
socialitzat
solemne
solemnitat
solemnització
solvència
sol·licitud
sol·lícit
somnolent
somriure
somrís
sonar_l'alarma
sonor
sonora
sorollós
sostractiu
subjectiu
subsònic
subtractiu
succint
suculent
suggestionable
suggestiu
superb
superioritat
supositiu
suprem
suprimit
suspicaç
sustància
sòlid
sònic
tal
talent
tallar_a_filets
tallar_el_vent
tangible
tapa_d'objectiu
tapadura
taronja
tast
telescòpic
temperar-se
temporada
temprar
temps_reglamentari
tenir_fe
tenir_present
tenir_trets_d'una_qualitat
terapèutic
terminable
terra_promesa
terrós
tipicitat
titulat
tocata
tolerància
torrat
trafica
tranquil·litzant
tranquil·litzar-se
transcendent
transcendental
transcendència
transformable
transformat
transmutable
transparència
tremend
trepig
trisecar
tritlleig
triunfar
tropisme
turista
tècnic
típic
ultrasònic
unanimitat
unit
universal
unió_duanera
urbanitat
usdefruit
usura
utopia
vacances
validació
validesa
vast
vaticini
veloç
vendible
venerable
veneració
verdader
verdós
verge
veritable
veritat
vermellenc
vermellós
vescós
vestit_de_campanya
vi_de_missa
viabilitat
vigorós
vinculat
virginal
virtual
visar
viscós
visible
vist_i_plau
vistós
vital
vitalitat
vitalitzar
viu
vivacitat
vivaç
vivent
vivificar
vivor
voleibol
voluminós
voluntari
voluntari
vàlid
víctors
warfarina
workflow
xarlotada
xerracar
àgil
àngel_custodi
àngel_de_la_guarda
àrea_de_coneixement
ègida
èxit
índex_de_preus
únic
abaixar
abandonat
abaratir
abominable
abusador
abusar
acaballes
acatarrar-se
accident
accident_vascular_cerebral
acer_damasquinat
acer_damasquí
acerbitat
acherontia
acondroplàsia
acromegàlia
adust
adversitat
advertiment
advocar_per
afartar
afòtic
agalla_(botànica)
agre
agressió
agreujar
agulla_de_pit
agutzil
aiguat
alarmant
aldarull
alfil
algutzir
alienació
alliberar-se
altercat
altisonància
al·lucinació
alèxia
ambliopia
amenaça
amenaçar
amiloïdosi
amortallar
amotinar-se
andanada
andesita
anestèsic
angines
anormalitat
anticipador
antilop_negre
antiprotó
antipàtic
antracita
antracosi
anèmia_maligna
apatia
apocat
apunyegar
arduïtat
arguments_especiosos
arrecerar
arrogant
arruïnar
arsenat_de_plom
arsina
artèria_alveolar_inferior
artèria_labial_inferior
asarum
asbestosi
aspergil·losi
aspre
aspror
assassí_a_sou
assertivitat
assetjador
assetjar
astilar
atac_aeri
atac_de_cor
aterrossar-se
atordiment
atorrollar
atrocitat
atzabeja
atàxia
atípic
audaç
autoflagel·lació
autòpsia
avalot
avís
babutxa
bacanal
bacteriologia
bacteriòlisi
bafarada
baixes_pressions
baixesa
baixista
balata
baldat
bandit
banshee
banteng
banyeta
banús
baralla
barbaritat
barbeta
barbàrie
barbó
barroer
bastardia
batalla_campal
batibull
batusser
bavera
bergant
betegar
bo_porqueria
boig
bombar-se
borrascós
braquidactil
bravesa
bravura
braçalet
braçalet_de_turmell
brega
breguista
bronzejar-se
brot
brufolar
brutalitat
brutícia
brètol
budisme
bullanga
burgesia
burlar
burro
bàrbar
bòfia
búnker
búnquer
cabró
cacera
cagat
calamarsada
calamitat
calavera
calcitonina
calfred
calumnia
calvari
calúmnia
caminar_de_puntetes
canalla
candelilla
canellera
canós
capatàs
capell
capgirar
capital_de_les_Vanuatu
caponat
carbonat
carbur_de_ferro
carbó_vegetal
cardiomegàlia
cariat
carnús
caràcter_de_mentider
cassiterita
cataclisme
catastròfic
catàstrofe
caçar
cefalea
cefalàlgia
cementita
cendrosenc
cendrós
censurar
cercabregues
cervesa_negra
chen
chupa-chups
ciberpunk
cicló
cifosi
cilici
citolisi
clam
classificar
clatellot
clinopodium
coadjuvar
columbiforme
col·laboracionista
col·laborar
complexe
complexitat
complicat
condemnat
coneixement_superficial
confrontació
congestió
consolva
constipar-se
consumir-se
contaminant
contesa
contraatac
contratemps
contusió
convicte
cooperar
cop_de_gràcia
copejar_fort
cops_de_puny
corn_anglès
covard
crema_agra
crema_agrejada
cremació
creu_de_Lorena
creuat
criminal_de_guerra
crit
crucifixió
cuon
cyon
càries
càstig
càstig_corporal
daltabaix
dama-joana
dansa_de_la_mort
danyar
darreria
decaure
deficient
degenerar-se
degradar
deixadesa
deixar_aclaparat
deixat
delació
delicte
delinqüència_juvenil
dement
denigració
depressiu
desaconsellar
desaconsellat
desacostumat
desafiament
desarranjar
desastre
desatès
desbaratar
descarament
descendir
descoloració
descompondre
desconsideració
descontaminar
descortesia
descreure
descuit
desembrollar
desembullar
desencertat
desenredar
desertar
desesperança
desestabilitzar
desestabilitzar-se
deshonestedat
desigualtat
desinformació
desllustrar
desmanyotat
desmentir
desnivell
desobligar
desolació
desordenar
desordenat
despectiu
despreciable
desprevingut
destrossar-se
destruir
desventura
desvergonyiment
desviament
deterioració
deteriorar-se
detritus
devastació
diabló
diabètic
difamació
dificultat
diftèria
digressió
dilema
dipòsit_de_cadàvers
disbauxat
disc_dur
disc_dur_extraïble
disfressa
disfàgia
dispendi
disputa
dissensió
dissentiment
dissidència
disturbi
dolença
dolor_de_pit
dolors_del_part
donar_cops_de_puny
donar_urpadas
dosi_letal
droga_de_disseny
drogoaddicte
drogodependent
duplicitat
duresa
dèficit
edema
el_més_dolent
el·lèbor_marxívol
embaladir
embalsamar
embenat
embrocació
embruix
embrutiment
emfisema_pulmonar
empestar
empetitir
empetrum
empipar
empudegar
enagos
encalçar
encantador
encarbonar
encarbonar-se
encarregar
encefalitis
encefalopatia
endarreriment
enderrocs
endevinalla
endometriosi
enemic
enfarfec
enfebrat
engany
engrevir
ennegrir-se
enrenou
enrevessat
ensorrar-se
ensorrat
ensulsiar-se
entrebanc
entremaliat
entumiment
enxiquir
epidèmia
epilèpsia
epilèpsia_jacksoniana
equivocar-se
ergotisme
eriçar-se
error
erwínia
esbojarrat
esborronador
escacat
escaquejat
escarnidor
escarniment
escassesa
escassetat
esclatada
escoliosi
escrofulós
escàndol_públic
esfondrar-se
esfumar-se
esguerrar
esnob
espatllar
esperit_maligne
esplenomegàlia
espoliació
espàstic
esquer
estaquirot
estat_natural
estat_salvatge
estavellar
estavellar-se
esteatopígia
esternudar
estira_i_arronsa
estrabisme
esvair-se
esvalotador
eunuc
exculpació
excusar-se
exoneració
expòsit
exterminador
fada
falta
fam
fanguera
fanguissar
feble
febre_reumàtica
feinada
fenomen_natural
fer_cas_omís
fer_espetegar
fer_la_guitza
fer_pudor
ferida_accidental
ferit
ferotge
feroç
filariosi
finta
flacciditat
flor_salvatge
flor_silvestre
fluix
foll
follet
fonofòbia
forense
formaldehid
formatge_ratllat
forçar
fosca
foscor
fosgen
fotofòbia
fotre
fragor
frambèsia
fred
fredor
fretura
frevolesa
fulminació
funest
fura
furtar
furóncol
fàbula
galindó
gallina
gallofejar
garrafa
gastat
gavatx
gemec
genus_acherontia
genus_asarum
genus_clinopodium
genus_cuon
genus_cyon
genus_irvingia
genus_neurospora
genus_solenopsis
genus_zizania
glaucoma
glumel·la
gosadia
grandiloqüència
granellut
gratuït
gravetat
gregarisme
gris
gris_cendra
groller
guerra_freda
halitosi
hemorroide
herpes_genital
herpes_zòster
hidrobàtids
hidrofòbia
hidropesia
hipercolesterolèmia
hiperplàsia
hipertròfia
hipocondríac
hipotensió_arterial
hipòcrita
histerisme
huracà
idèntic
ignomínia
ignorar
illetrat
il·legalitzar
immadur
imminència
immolació
immortalitat
imperceptiu
imperfecte
impertorbable
impostura
impotent
imprecisió
imprecís
imprevisible
improcedència
impromptu
imprudent
impulsiu
impuresa
inabastable
inacceptabilitat
inacostumat
inadequació
inadoptable
incapacitat
incapaç
incomoditat
incompliment_de_contracte
incongruència
inconnex
inconsciència
inconsistència
inconstant
inconstància
inconvenient
inconvenient
inconvertible
incorruptibilitat
inculte
incursió
indecència
indefens
indefinible
indelicadesa
indescriptible
indicible
indiferència
indiscreció
indistingible
indolència
inefable
ineficaç
inenarrable
inepte
inexorable
inexpert
inexplorat
inexpressable
inexprimible
infal·lible
infernal
infertilitat
inflexibilitat
inflexible
informar-se
infortuni
infàmia
ingenu
ingenu
inhabitual
inidentificat
innecessari
innocent
inoportunitat
insatisfacció
insidiós
insignificància
insocial
insolent
insolència
insospitat
instintiu
insuficiència
insuficiència_cardíaca
insuficiència_coronària
insult
insuportable
insígnia_de_grau
insígnia_de_rang
insòlit
intransigència
intricat
inutilitat
invasor
invisible
inútil
inútil
irresistible
irreverència
irritable
irvingia
jaqueta
jitter
joc_brut
joies_de_la_corona
judici_(dret)
kitsch
knockout
l'altra_vida
lactoflavina
lament
lamentar-se
lassitud
lemma
lepra
lesió
letal
letargia
letífer
liniment
linxament
llagostera
llei_de_Dalton
llei_marcial
llibertí
lloriguera
lluitar
llunàtic
línia_de_batalla
mal
mal_de_cap
mala_memòria
malabsorció
malaltia
malaltia_de_la_pell
malaltia_genètica
malbaratament_de_diners
maldecap
malevolència
malvendre
marejat
marica
martiri
massa_inercial
mastegot
matiné
matricidi
matusser
mecanisme_de_defensa
megalòman
mentida
mentó
mesquí
mestís
mestís
metzina
mildiu
minso
miocardiopatia
mirada_desafiant
mirada_fulminant
missió_impossible
misèria
mitja_veritat
mocós
modus_vivendi
monstruositat
monya
monzón
moribund
mormoleig
mort_cerebral
mort_vivent
mortal
mortífer
morè
mostela
mudable
mufló
multa
mà_d'obra
món_de_la_fantasia
nafrar
nata_tallada
necròpsia
negat
negligència
negre_carbó
negret
nen_emmarat
neurastènic
neuritis
neurosi
neurospora
neuràlgia
neuròtic
niu_de_rates
no_identificat
no_important
no_letal
nocions
nyicris
número_atòmic_76
obac
objecció
objectar
obligació_moral
oblit
obscuritat
obscè
obsidiana
obstinació
oca_grisa
ocultisme
ofendre's
oli_d'absenta
oli_de_bacallà
ombriu
ombrívol
ominós
opressor
orat
organitzador
ortiga
osmi
otosclerosi
pap
papil·la
paralític
paranoic
parkinson
parlar_tallant
parmesà
parsimònia
paràsit
parèsia
pasteuritzar
patir
pecador
pecaminós
pedregada
pedregós
pellar
penalización
penúria
perbocar
perdició
perjudici
perniciós
perpertu
període_d'incubació
pescar
pessimista
pesta
picada
piga_postissa
pijama
pira
pira_funeral
piranya
piruleta
pirulí
pit
pit_de_bou
pit_de_vedella
pleonasme
pleurodínia
plexe_aòrtic
plor
ploriqueig
pneumoconiosi
policia
policia_secreta
polimiositis
poliúria
polsera
polvorització_catòdica
porc
porfíria
posada_en_pràctica
posar_aspre
potinejar
potiner
presumptuós
pretensió
priapisme
primitivisme
problema
procacitat
professor_adjunt
professor_associat
promiscu
pronúncia_anòmala
proscriure
príncep_de_les_tenebres
pròdrom
psicosi
psicòpata
psicòtic
psoriasi
pudir
pujar_a
punxada
pusil·lànime
putrefacció
pífia
quarantena
queixar-se
quequeig
queratitis
raig-x
ranciesa
ranquejar
raquitis
raquitisme
raspós
rata
ratera
rebentar-se
recaure
reclam
reclamar
recriminació
recusant
redoblant
regany
regateig
regeneració
relació_de_malalts
remor
renegat
reny
renyina
reprovació
reprovar
repulsa
requisit
reracuina
rescatar
reticència
retirar_del_servei
retret
retret
retrocedir
reuma
reumatisme
reumatisme_articular
reumàtic
revocació
revolt
riboflavina
ridiculitzar
rocós
rodòfits
romeguera
rompre´s
rondinejar
ruc
rudesa
rufià
rugós
ruinós
runam
ràfec
ràtzia
sabatilla
saber_greu
sabotejar
sacrificar
sacrifici
salvador
salvatgeria
salvatjada
sanglot
sangtraït
sapròfag
sarcoptes
sarna
sempitern
sempreviva
sense_importància
sentència_condemnatòria
sepulcre
serologia
sever
severitat
sicari
silicosi
simulació
simular
sistema_sensorial
sobrenatural
sobtar
socors
sofística
solenopsis
sollament
sortilegi
subdesenvolupat
subexposició
subgenus_chen
subjugació
subjugar
subvertir
supervivent
suplici
supèrbia
síndromes
sòmines
tabard
tacat
tafanera
tanatori
tarantisme
tartamudeig
temerari
temerari
temeritat
tempesta_de_pluja
tempestuós
tempestívol
tempestós
temporal
tenir_basques
terra_verge
terregall
terregam
tifus_exantemàtic
tiroteig
toix
tomentós
tonto
topar
tortura
tossar
tossuderia
tova_volcanica
toxicòman
toxina_antitoxina
tragèdia
trapella
trasbalsar
trasto
trastorn_nerviós
trastorn_neurològic
traumatisme
trencable
trencadís
trontollós
trossejar
trèmul
tumor
tumultuós
turbulència
tèrbol
túixec
ultratge
ultratge_
uretritis
va
vacil·lació
vacunat
ventejat
ventoler
ventós
verd_botella
veritat_a_mitges
verola
versar
verí
vidre
violació_de_domicili
violar
virulent
virulència
visó_americà
vitamina_B2
volada
volcànic
vomitar
vulgarisme
vulgaritat
vulneració
vulnerar
víctima
xafardera
ximple
ximplet
xinel·la
xocar
xurriaques
yakuza
zizania
zombi
zona_pantanosa
àcar_de_la_sarna
àcid_butíric
àcid_carbàmic
àcid_hidrazoic
ànec_collverd
ànec_de_bosc
àntrax
òxid_nítric
abarrotat
abastador
abdominal
abismal
abissal
ablamar
abnegat
abracadabra
absorbefaent
abstenció
acaparador
accedir
accionador
acidular
acondicionament
acreditació
acrobàtic
acrídids
acròmion
actiu
activa
activador
activitat_social
acudir-se
acudit_visual
ad_hoc
adagi
adaptable
adaptador
additiu
adequar
adhesiu
adjacent
admissibilitat
adolescent
adonar-se
adonar-se_de
adopció
adorador
adrenalina
adscrit
adsorbat
adsorbible
adúlter
aerobi
afartar-se
afeccionat
afermar
afiliat
afinació
africada
agent_de_l'FBI
agilitat
aguantallibres
agudesa_visual
agulla_de_cap
agència_de_publicitat
aigua_de_foc
aixecat
ajudar
albada
albirament
alcalescent
alcoholitzat
alcohòlic
alimentar-se
alineat
alliberador
alterable
altern
altiu
altivitat
al·lucinat
al·lucinogen
ambiciós
amistositat
amniocentesi
amo_de_la_casa
amonestacions
amotinat
anabaptisme
anabolisme
anabòlic
analgèsic
analitzador_diferencial
analitzat
anamorfisme
anatomista
anderson_luis_de_souza
animado
animal
animal_domèstic
animal_en_captivitat
anticipació
anticipar-se
antiguitat_(objecte)
antimalarina
antipàtic
antiquari
antroposofia
antílop
antípoda
antítesi
anual
anul·lat
anvers
anàclisi
anàlisi_metodològica
anàlisi_volumètrica
apadrinament
apel·lable
aplegar-se
aplicar-se
apreciable
apreciació_crítica
aprenentatge
apàtrida
apòcope
aquarterar
arcat
aridesa
aritmètica
arquitectura_paisatgística
arrapament
arrogant
artèria_comunicant
artèria_intestinal
aràcnid
ascendir
aspirant
assessor
assessor_en_la_direcció_d'empreses
assessorament
assistent_social
assolidor
astronau
ataràxia
atebrina
atiar
atles_lingüístic
atlètic
atorgar_la_llicència
atrassat
atuït
atès
au
autoadulació
autobombo
autocinema
autodeterminació
autodidacte
autoengany
autotròfica
avantatge_fiscal
avantbraç
avenir-se
avenç
avesar
avinença
avituallador
avortiu
avuncular
axiologia
aïnar
bacanals
balneari
bamba
banyera
barrera_lingüística
barrinar
barroer
bastó
beatificació
beca
beix
bella
bentos
benzinera
bescanvi
bestialitzar
beutat
biblioteconomia
bifurcat
bilateral
bilocació
bimensual
bioassaig
bioscopi
bitllet_d'avió
bizantinisme
blasfem
blasfemador
blau
blau_cel
blau_cel
blavenc
blavís
blavós
boda_civil
bodhisatwa
borsa
bossa_de_colofònia
bot_de_regates
botzina
bramanisme
breu
breu
breviari
brindis
brioix
bronzí
bràmids
bufa
bufet_d'advocats
bufetejar
bufona
bufònids
bugonar
burí
bífid
cadastre
cadira
cadira_de_braços
cafè_amb_llet
caixa_alta
caixa_de_jubilacions
caixa_de_pensions
calculador
calefacció
calentar
calidoscòpic
callista
calmant
calorífer
cal·lígraf
cambra_d'hospital
camforar
camforat
camió
camió_de_trabuc
camió_de_tres_eixos
camp_d'estudi
camp_visual
cancel·lat
candent
canonista
canonització
cant_espiritual
cant_espiritual_negre
cantata
canviable
canyella
cançó_espiritual_negra
cançó_nadalenca
cap_de_sèrie
cap_nuclear
capacitància
capella_ardent
capgirada
capital_d'Espanya
capítols_matrimonials
carallarg
carals
caricatura
carnal
carnaval
carnestoltes
carnós
carrabina
cartel_(economia)
casa_flotant
casar-se
castany
castany_vermellós
catamita
catedral
causatiu
cavallet
cefalòpode
cenotafi
censurat
centre_comercial
centre_docent
centrífug
ceremoniós
cerimonial
cerimoniositat
certificat
cessión
científic
cimal
cimalada
ciment_armat
cinta_d'àudio
circumflex
cisteller
ciutat_pròspera
civilitzat
ciència-ficció
ciència_aplicada
ciència_biomèdica
ciència_mèdica
classe_alta
clásico
clímax_sexual
codi_secret
coetani
coexistir
cohesió
collada
color_crema
col·locat
comanda
comercialitzat
comerciant_de_pornografia
comerç_d'armes
comitè_ètic
commovedor
compacte
company_de_l'ànima
companyonia
compareixença
compartimentat
compenetració
competició
competició_atlètica
competir
complement_agent
complement_indirecte
complementari
complidor
composició_literària
comprar
compte_d'estalvis
compte_inactiu
comunitari
comunitat_escolar
comunitat_religiosa
comèdia_de_situació
conat
concebible
concentrat
concurs_atlètic
concèntric
condensat
condicional
condícia
coneguda
conegut
coneixement_científic
coneixença
confabular-se
conferir
confessat
confidència
confirmació
confitar
confós
conseller
consellera
consens
conservatori
considerable
consolador
consolda_major
consonant_africada
consultiu
consumidor
conte_popular
contemplació
contendir
contendre
continu
contorn
contracte_aleatori
contracte_bilateral
contracte_condicional
contracte_d'adhesió
contracte_matrimonial
contracte_prematrimonial
contraexemple
contramesura
contramesures
contrarestar
contrasubversió
contreure_matrimoni
contribuir_a
conveni
convenir
convers
conversador
convertibilitat
convertiment
convit
coordinant
coper
copinya
coqueteig
cor_(música)
corb
corbat
corporatiu
corporativisme
correccional
corriola
corroborar
corà
cosmetòleg
cosmonau
cosmètic
creença
creient_practicant
creixen_bord
crescuda
criptogràfic
criptòfit
cristal·lí
cristià
crocodilians
cronògraf
croquet
cuca
cuca_de_llum
cunqueria
cunyat
curar-se
curat
curculiònids
cursa
cursa_de_fons
cursa_de_gossos
cursiva
cursor
custodi
càmera_polaroid
càpsula_espacial
cíclops
còmic
cúspide
dadaisme
dalt
dansa_de_la_pluja
dansa_del_sol
dansa_interpretativa
decadent
decantació
decisiu
deco
decoratiu
deductiu
deduir-se
defensiu
defensor
deferència
defugiment
delimitat
deliqui
deliqüescent
delmes_de_Sant_Pere
denominador_comú
densimetria
departament_de_serveis
depilat
derivacional
desagradable
desbordat
descarregar-se
descendent
descodificar
descolonitzar
descomprimir
descontentament
descordar
desembruixar
desendollar
desenganxat
desentortolligar
desesper
desforestació
desglossar
desheretar
deshidratat
desinfectar
deslluir-se
desmobilització
despeses
desplaçar-se
destinat
destroçat
destruït
desviar-se
desvincular
detallar
detergent_de_rentadora
detergent_per_al_rentaplats
determinat
deure
deure_noble
devesa
dia_solar
diacrític
diagnòstic
dialèctic
diapir
diccionari_electrònic
dictamen
dietista
diftong
difusor
difusor
dinamitzar
diploma
dispersor
disposar-se
disseccionar
disseny_assistit_per_ordinador
dissertació
distint
distribuïdor
dita
diversió
divinitat_hindú
divorci
doble_negació
doctrina
doctrina_religiosa
doctrina_teològica
documentació
domini_absolut
donar_empenta
donar_estil
donar_gust
doo-wop
dotació
doxologia
dracunculoïdeus
drama_musical
dret
drets
drets_civils
drets_de_propietat
dretà
dreçat
droga_dura
duc
durbec
déu_del_Mar
dòcil
eclecticisme
eclesiàstic
eclèctic
ecosistema
educació
edulcorar
eferent
eguinar
eixamplador
eixordar
elació
electrodomèstic
electroforesi
eligibilitat
elitisme
elucidar
emancipar
embatuament
embullar
emir
emocional
emotiu
emotivitat
empantanar
empantanegar-se
emparrat
empatitzar
empenyorament
empetitit
empresa_de_contabilitat
empresa_de_subhastes
empíric
encanyar
encegador
enciclopedista
enciclopèdia
enciser
encomanar
encoratjament
encorbat
endogàmia
endossant
endret
enfaristolament
enfortiment
enginyer
enginyera
engualdrapat
enlluernador
ennuvolat
enquadernar
enraonament
enredada
enrigidir-se
enriquir
enrollat
ensenya
ensenyament
ensenyança
enteresa
entitat_física
entrenador
entrenadora
entrevia_estàndard
enverdir
enverdir-se
enviar_per_correu_electrònic
enyor
enyorança
eosinòfil
epigrama
epinefrina
epistemologia
equip_de_radioteràpia
equipat
ergotropisme
erinacèids
erogació
error_de_hardware
escampat
escanvi
esclarir
escola_de_ball
escola_de_música
escola_de_pensament
escola_pública
escopinya
escopinya_de_gallet
escorpins
escot_imperi
escriptura_fiduciària
escrivà
esculpit
escuraflascons
esdeveniment_social
esgraonar
espadatxí
espavilar
especialista
especialitat
especialitzar
esperit_afí
esperit_d'equip
espetec
esponjós
esport_de_pista
esquella
esquellot
esquerdat
esquerres
esquifit
estabilitzat
estamordit
estar-se'n
estar_promès
estat_de_guerra
estel_guia
estendard
estepa
esterilitat
estil_lliure
estilitzar
estilitzat
estimació_crítica
estimador_estadístic
estimulant
estipendi
estomatòpode
estrella_supergegant
estrep_(os)
estructurar
estudis_literaris
estuf
estàndard
estàndard
eteri
etnocentrisme
etnologia
evidenciar
evitació
excitable
exclamatiu
exclusivitat
excomunicació
exhalar_baf
existencialisme
existir
exlamatori
experimentalisme
expert
exposímetre
expressionisme_abstracte
expurgat
exquisidesa
exquisitat
externalitat
extramatrimonial
faceta
factibilitat
factura_del_telèfon
facultatiu
facultats
faetó
falsificar_les_eleccions
falçó
familiarització
fanga
fantasiós
farmacocinètica
fastiguejar-se
fasuositat
fatuïtat
fedelline
felicitat_absoluta
feligresos
fer_autostop
fer_de
fer_descarrilar
fer_efectiu
fer_percebre
fer_prospeccions
fer_recordar
fer_un_tour
fer_una_gira
ferment
festa_religiosa
festivitat_cristiana
fetiller
fetitxisme
feudalisme
fidel
figuració
finançar
finestreta
finitut
fixesa
flassada
flexional
flipat
flirteig
flonjo
fonologia
fons_de_retirs
forat_negre
forces_de_seguretat
formigó_armat
força_motriu
forçós
fotoquímica
fotosfera
fotòmetre
foxterrier
fragant
franquícia
fraseologia
fraternitat
fraternització
freqüent
frifrit
fronterís
funcionari_públic
fundamental
gafet
gafeta
gag
galeta_de_panses_i_nous
gallina
ganivet_automàtic
ganoïdeus
garant
gasolinera
gegantí
generador_de_números_aleatoris
generalitat
generar
generatiu
gentil
genus_bacillus
genus_hyphantria
genus_ipomoea
genus_nomia
genus_pezophaps
genus_phthirius
genus_phthirus
genus_rattus
geometria_no_euclidiana
geopolítica
germanisme
gestió
geògraf
gimcana
gimnasta
gimnàstic
glamour
globulós
globus_de_l'ull
globós
gnosi
golejador
gorgolar
gradual
gramòfon
gravat
gremi
grimpar
groguenc
gronxador
grunyit
grupal
guant_de_golf
guany
guardia_de_seguretat
guardó
guarició
guerxo
guiatge
guitarra_elèctrica
gunats_de_cabritilla
harmonitzar
hebreu
hemostàtic
herculi
herrerasaure
heterosexisme
heterotròfia
hialí
hidrogenar
hidròfil
hinduisme
hiosciamina
hiperglucèmia
hipopnea
històric
home_de_neandertal
homilia
homo_sapiens
homocèntric
homogeneïtat
homosexualitat
homòleg
honorari
horitzó_sensible
hospital
humanitarisme
humidificar
hyphantria
hípica
iconoscopi
idea_original
idealista
idealització
identificat
idioma
il·lusionisme
imitat
imitatiu
immens
immesurable
immovilista
imparcial
imperial
impermeabilitat
impermeabilitzant
imploració
impost
impressionisme
impressora_d'injecció_de_bombolla
inadaptador
inadaptat
inapel·labilitat
incest
incomplert
incompliment_del_deure
incomptable
inconformista
inculcació
indagació
indret
induït
indústria_de_la_moda
ineducable
ineluctable
inesgotable
inexpressiu
infantil
influenciat
influent
infraroig
infructuositat
inhibidor
iniciador
inigualable
inmencionable
innombrable
innumerable
inquantificable
insignificànça
instal·lacions_recreatives
instal·lació_esportiva
instrument_de_percussió
instrument_òptic
insumís
insurrecte
intacte
integració
intelectual
inteligibilitat
intercalar
intercanvi_de_favors
intermediari
interrelacionar-se
interrogació
intersecar-se
intocable
introvertit
intuir
intuïcionisme
inundar-se
inundat
iodar
ionosfera
ipomoea
irrefutable
irremeiable
irremissible
islamisme
jaç
joc_de_taula
jornada
jornades
judaisme
judicial
jueu
juntar
justificador
justificant
juxtaposat
karaoke
l'abominable_home_de_les_neus
lanceolat
lanuginós
lapse
laïcisme
lectura_pública
legalització
legendari
lent_convexa
lesbiana
liberalisme
licantropia
licitador
licitud
licència
lil·liputenc
limnologia
limítrof
llampurnar
llanut
llegible
llei_del_tot_o_res
llengua_natural
llengua_sànscrita
llenguatge_burocràtic
llenguatge_natural
lleno
lleonat
lletra_cursiva
lletra_majúscula
llevapedres
llibre_de_coneixement
llista_negra
lliurador
lloc_avantatjós
lloc_de_primers_auxilis
lloc_de_socors
lloc_estratègic
lloc_imaginari
lloca
llostra
llostre
llum_d'Aladí
localitzat
longitud_(geografia)
lucidesa
làbil
lèsbic
lícit
límpid
línia_de_sortida
machmetre
macroscòpic
macró
magarrufes
magia
magnanimitat
magnètic
maitre
major
major_d'edat
majoria
majúscula
majúscula
malencolia
mandarina
maneguí
manipulabilitat
manipulació
mansió
mansuetud
maqueta
marca_distintiva
marqueting
marrà
marxa_militar
masclista
masculinitat
masoquista
masturbació
matinada
maximització
medicar
melangia
memòria_volàtil
menció_honorífica
mental
mercadeig
mercantil
mercat_borsari
mereixement
merenga
meritori
mestratge
mesura
metacarp
metafísica
metge
metode_dalcroze
metodologia
metrònom
miasmàtic
microfotòmetre
mig_relleu
militarització
millorat
mimetitzar
mimètic
mina_d'or
ministeri_d'assumptes_estrangers
miofibril·la
mirallet
missió_religiosa
misticisme
mitologista
mitòleg
mnemotècnia
mobilitat
model_a_escala
moderació
moderantisme
moderança
molsós
monoteisme
monsenyor
monument_commemoratiu
monument_nacional
mordacitat
morritort_d'aigua
mosca
mosso-d'establa
mosso_de_quadra
mostreig
motet
motivar
motricitat
moviment_ecumènic
moviment_gay
moviment_juvenil
moviment_llibertari
moviment_obrer
moviment_religiós
mundà
munificent
munífic
museu_científic
mutable
màquina_de_diàlisi
màquina_de_raigs_X
màrqueting
mínim
míssil_balístic_intercontinental
míster
místic
música_religiosa
naixent
nan
naturalització
naturista
nau_espacial
navalla_automàtica
navegabilitat
neandertal
negament
negociació_comercial
negroide
neoclassicisme
neurolèptic
nihilista
nit_de_sant_joan
no_catòlic
nodrir-se
nodós
nomia
nominar
nostàlgia
nota_musical
notació
noves
nucli_amigdaloide
nudista
nutricionista
nuós
obagós
obediència
objecte_indirecte
objector_de_consciència
obligació_noble
obra_de_consulta
obrir_el_pany
obstaculitzar
obstructiu
obtenidor
ocell
ocell_cantaire
ocell_pelàgic
oferta_de_matrimoni
oferta_publica_d'adquisicio
oficiar
oficinista
ofrena
olorós
ombrat
ombrejat
omnisciència
opalí
oportunitat
opulència
opuscle
oració_interrogativa
oratori
orbicular
organitzat
orgasme
ornamentador
ornamental
oscil·latori
osteopatia
ostracoderms
pa_d'àngel
pa_eucarístic
pagoda
pal_d'escombra
palanca
paleoantropologia
pal·lidesa
panet
panxarrut
pany_de_combinació
paratge
paraula_d'honor
parlada
paroleria
parpella
participar_en
participi_passat
particular
partidària
parts_iguals
paròdia
pas_de_ball
passar_l'estona
passar_l´aspiradora
passarel”la
pasturatge
patrioter
patrullar
paulatí
pavimentar
país_dels_somnis
pebrot_verd
pedac_ocular
pedant
pedestal
pediatre
pedicur
pedicura
pedra_de_toc
pelegrinatge
pel·lícula_amateur
pensament_sintètic
penyorar
perceptiu
perciformes
perfecció
periheli
persona_grata
persona_religiosa
personalitzar
perspicacitat
perspicàcia
persuadir
persuasibilitat
persuasible
període_històric
pes_equivalent
pescahereus
pescapubilles
pessebre
petició_de_mà
petitet
pezophaps
phthirius
phthirus
picar_de_mans
pilota_de_ping-pong
pilota_de_platja
pilota_de_tennis
pilota_medicinal
pin
ping-pong
pinsà
pipa_de_la_pau
pirotècnia
pistola_de_joguina
planaria
planer
planor
plantofejar
plataforma_giratòria
platea
plaça_pública
plebeu
plexe_cardíac
plàncton
poc
poder-se_comparar
poder_de_resolució
podòleg
poema_simfònic
polaroid
polisíndeton
politja
poltrona
político
pom
poma_camosa
poma_camosina
poma_reineta
pont_de_vianants
pontó
populisme
porc
porcellar
portent
posar-se_d'acord
posar_en_marxa
posició_militar
postmodernisme
postular
potiner
practicitat
prec
precinte
precipitant
precognició
precoç
predestinat
predeterminat
predicaciò
predicible
predominar
preguerra
premiar
prendre_part_en
pres_polític
prescindir_de
presciència
present
pressió_osmòtica
prestar
prestatge
prestidigitació
prevenible
primari
primmirat
principiar
principis
privat
probabilitat
probiòtic
procreació
procés_geològic
prodigi
producte_de_bellesa
producte_farmacèutic
productivitat
professionalisme
profit
profund
programa_d'instrucció
programa_de_lectura
programa_vocacional
progressisme
progressivitat
progrés
prolix
promulgat
pronació
pronunciat
propi
proporcionable
proposar-se
prorrateig
prostitució
protanòpsia
protector
protèrvia
proveir_de_personal
proverbi
proveïdor
provisor
pruna
prènsil
préstec_a_baix_interès
psicologia_aplicada
psicologia_industrial
pulcritud
pulverulent
punt_celeste
punt_d'intersecció
punt_destacat
punt_final
punt_geogràfic
punt_prominent
punta_de_l'agulla
punxent
puzle
púrpura
qualitat_maternal
qualitat_paternal
quark
querubí
quid
quimèric
quinacrina
racista
radioactiu
ramificat
ramut
ramós
randa_aplicada
ranura_d'expansió
raonament
rascle_davanter
raspall_de_dents
rastafarianisme
rata_de_biblioteca
ratificat
rattus
raucar
reaccionari
readmissió
reafirmar
reajustar-se
realism
realpolitik
rebaixa
recautxutar
recerca_empírica
recluit
reconciliació
reconfortant
recordança
records
recursos_minerals
recórrer_món
reduplicació_(lingüística)
refecció
referendar
refinat
reformatori
reformisme
refrany
refrescament
regularitat
regularitzar-se
rehabilitar
relacions_sexuals
relatar
reliquiari
reliquier
relliscós
rellisquent
rellotge_de_cucut
relluent
remolcador
remunerar
renaixement_espiritual
rendista
renillar
reobrir
repartició
repartidor
repensar
replantejar-se
reputació
requisit_acadèmic
residència_religiosa
resplendent
respondre_de
retocar
retrassat
reverdir
reverend
reversibilitat
revinguda
revisat
revisionisme
riada
rinoplàstia
ritu
ritualisme
ritus
riuada
roba_de_carrer
roca_volcànica_vítria
romeria
rumb
rutilar
rutina_recursiva
rècord_mundial
ròssa
saber
saber_diví
sacsejada
safata_del_te
sal
salsir-se
saló_de_te
samba
sancionat
sangonent
sangonós
sant
santedat
santoral
sapastre
sapiència
saures
secret
secta
sector_d'ocupació
sector_ocupacional
secundar
secà
sedant
sedar
sega_del_fenc
semicircular
semitransparent
sentir-se
sentir_empatia
sentit_de_l'humor
seqüencial
ser_aplicable
serpentí
sertralina
servei_de_paquets_postals
servei_públic
servo
servomecanisme
setter
sex-appeal
sexista
sexista
signant
significat
simultaneïtat
simultani
sinclinal
sincronia
sincronisme
sincronitzar
sintonització
sinuós
sistema_de_refrigeració
sistema_de_ventilació
sistema_de_vigilància
sistemàtic
so_consonant
so_consonàntic
sobre
sobreexposició
sobrehumà
sobrevalorar
sobtat
soldar
solèid
somiador
somnolència
sopa_de_lletres
sorteig
spa_(salut)
sprechgesang
starets
suavitat
subcontinent
subcultura
subjectivitat
sublimitat
subordinar
subscripció
substancial
substitut
subtil
subtracció
suc_digestiu
successió_ecològica
sufragi
sulfamida
suma_total
sumatori
sumptuós
superabundància
superdotada
superdotat
suplementari
suplent
suport_logístic_integrat
suport_logístic_internacional
supremacia
susceptibilitat
sustentar
sustentar-se
swing
sàfic
sànscrit
sèpids
sèptic
síncron
taller_d'enquadernació
tangibilitat
taoisme
tapar_sots
tecnòleg
tecnòloga
teixit_de_punt
telecomèdia
telefonada
temperar
temperatura_ambient
temps_d'oci
temps_sincopat
temàtic
tendenciositat
tenir_a_veure
tenir_en_compte
tenir_en_consideració
tenir_la_intenció
tenir_un_deute
tennis
tennis_de_taula
teoria_de_conjunts
teosofia
tertúlia
teràpia
teràpia_ocupacional
tes
tesina
testimoniatge
timpà
tinença_d'accions
titànic
tocar_i_parar
tocoferol
tonificar
tonsurat
tortuga_babaua
tortuós
torçat
tractat
tractat_de_pau
tractat_equitatiu
tracte_equitatiu
tragicomèdia
tramitació
tranquilitzar
transcendir
transistor
transitivitzar
traucar
treball_en_equip
treballador_qualificat
treballadora_qualificada
trencaglaç
tribunal_de_justícia
tribut
tricot
trident
trifori
trilobit
trineu_de_vela
triomfar
trobada_multitudinària
troc
trossa
truc_de_màgia
trucada
trucada_telefònica
tràfic_d'armes
tràveling
trípode
títol_convertible
títol_cupó_zero
títol_hipotecàri
ulls
ultraconservador
ultradretà
ultravioleta
unció
unificador
unitat_de_conductància
urc
urilitzable
utilitzable
utricle
utòpic
vaivé
valent
valor_no_cotitzat
valoració_crítica
vegada
vellut
ventrut
verbós
verdejar
verificar
vespertiliònids
veí
via_ampla
via_estreta
vida_real
vidre_de_Murano
vidriós
vinculant
virtut
visca
vitalista
vitamina_E
vitamina_e
vivesa
vocalització
volea
voltants
voltar_món
voltímetre_electrònic
voluminositat
voyeurisme
vulnerable
vàgil
vòltmetre_electrònic
xerografia
xic
xifra_romana
xifrat
xip_de_memòria
xou
xovinista
zoeci
zooide
àcid_gàstric
àrea_temàtica
àudio-visual
èlit
ésser_consignat/-ada
ídol
ínfules
òpera_bufa
òpera_còmica
ócorrer-se
abaixar-se
aberrant
abjecció
abjecte
absentisme
absolutista
abstrusitat
acadèmia_de_l'aire
acalorar-se
accident_fatal
acció_reflexa
acer_de_tungstè
acer_de_volfram
acetat_de_plom
acidesa
aciditat
acovardit
acre
acrofòbia
acrofòbic
acte_de_compareixença
acte_de_terrorisme
acte_reflex
acudit_de_mal_gust
acudit_groller
acusació
acusador
addicció_a_la_cafeïna
adoloriment
advocat_del_diable
aelurofòbia
aethusa
afaneta
aferent
affenpinscher
afront
agenciar-se
agent_de_policia
aglomerat
aglomerat_de_fusta
agorafòbia
agorafòbic
agàric
aiguardent_de_poma
aigües_residuals
ajuda_pròpia
ajusticiar
albinisme
alcoholisme
alcohòlic
alfabetització
alfac
alienació_mental
alleugerir-se
allitar-se
alta_traïció
alteritat
amargat
amnèsia
amorf
amsinckia
anacantins
analgèsic
anaplàsia
anar_en_iot
anastomus
ancorar
andròmina
anell_de_prometatge
anella_del_nas
anestèsic
anestèsic_total
angioplàstia
anglòfob
anhímid
animalisme
animals
anió
anodí
anorèxia
antagònic
anthonomus
antilope
antipapa
antiparàsit
antipirètic
antisemitisme
antitètic
antull
anur
anus
anòmal
anúria
apallissar
apoptosi
apostatar
arbust
arginina
arma_de_foc_portàtil
arma_nuclear
arma_portàtil
arna
arriana
arriar
arriscar
arrià
arrogància
art_minimalista
arteria
artritis
arxiu_mestre
asafétida
asclar
ase_africà
asexualitat
asfixiant
asma
assafètida
assalt_a_mà_armada
assaltador
assaltament
assaltament_a_mà_armada
assaltant
assassina
assassí_en_sèrie
assegurança_d'incendis
assegurança_del_cotxe
assentar-se
assetjament
assotar
atac_per_terra
atacant
aterrament
atracament_a_mà_armada
atrapar
atreviment
autisme
autoconservació
autodescobriment
autopreservació
autotomia
autòcrata
avalotador
aventurisme
avitaminosi
azidotimidina
azot
babel
babirussa
badomeria
bagatel·la
bagel
baixà
bajanades
bala_de_mosquet
bala_dumdum
banc_de_sorra
banya_de_sègol
banyador
barallar
barbacana
barbada
barnús
barret_d'ala_ampla
barret_de_cowboy
barret_fort
barri_baix
barrina_elèctrica
barrina_mecànica
basalt
base_d'operacions
bast
bastoneig
batalla_de_Marató
batí
bauhinia
bec_de_tisora
becaina
bel·licorós
bel·licositat
bel·líger
benet
beril·li
bessó
bifurcar-se
bioremediació
biotita
bitllet_de_banc
bitter
blanc_de_plom
blau_de_Prússia
bloc_de_notes
boca_de_l'estómac
boca_del_cor
body
bogeria
boja
bola_de_foc
bomba_centrífuga
bombardeig
borm
borrasca
borrós
bos
boscam
boscatge
botes_camperes
botulisme
boxa
brachystegia
bradicàrdia
brandir
braquiürs
braçal
brea
breny
brisa
brogit
bromur_de_metil
brostejar
bruixeria
brusa
brusar
brut
brut
bruxisme
buidesa
bulb_raquidi
bumerang
burca
busca-raons
bàlsam_del_Perú
bàmbol
cabotada
cadena_de_rellotge
cafetera_exprés
cafeïna
caftà
calaix
calar-se_foc
calbot
caldera_volcanica
calor_de_condensació
calorós
calumniador
cambra_de_tortura
camisa
camisa_de_dormir
camisola
camp_de_batalla
camp_elèctric
camp_gravitacional
camp_magnètic
camperes
canyellera
capcinada
capció
capell_d'ala_ampla
capell_de_teula
capell_fort
capfluix
capital_del_Tíbet
cara_de_pòquer
carcerari
cardamine
careta_antigàs
carmelita
carmelità
carraca
carronyaire
carronyer
cartilaginós
caràcter_desagradable
carència
casa_de_ranxo
casanova
casc_de_batedor
casc_de_punta
cassiope
casulla
cavall_de_batalla
caça_bombarder
caçadots
caçatorpediner
cec
cement
censor
censura
cep
cera
cerapteryx
cercosporella
cerussa
chesterfield
cinemàtica
cinturó_salvavides
cintó
circumstant
cirera_cruixalenca
cirrosi
cirrosi_hepàtica
cistercenc
citació_de_compareixença
classe_baixa
classificar-se
clatellada
claustrofòbia
claustrofòbic
cleptomania
clivellar
cobalt
cocculus
cocodril_del_Nil
coenzim
colonització
color_acromàtic
color_de_puça
col·lisionar
combustió
common_arrowhead
competidor
competidora
complements_de_la_casa
complicitat
compondre-se-les
computar
concernir
concertina
condemnada_a_cadena_perpètua
condemnat_a_cadena_perpètua
confutació
conquerir
conspiració
consternat
contar_enrere
contraalmirall
contrabalançar
contrabandista_de_licors
contraintel·ligència
contrapesar
contraproductiu
contrincant
controlar-se
controvèrsia
conèixer-se
cookie
cop_de_colze
copiat
coptis
coquinesa
corbata
corindó
cornella
corona_de_llorer
corroir
cotxe_esport
cotxe_esportiu
covardia
crassitud
crescentia
cridadissa
crim_de_guerra
criminal
criminalitat
criogènia
criptograma
crisi
criticar
crom
cromoestèsia
crucialitat
crucificar
crítica_textual
cua_tallada
cuixal
cuixera
culi
cullerada_sopera
curt_de_gambals
custodiar
càrrega_negativa
cèl·lula_adiposa
cèl·lula_de_Golgi
còlic
davallar
debilitat
decés
dedicatòria
deformat
deforme
defunció
degradació
degustar
deixar_estupefacte
deixat
delicte_informàtic
delinqüent
delinqüent_habitual
demanaire
demandar
demèrit
dendrita
dendroctonus
dental
dentari
denunciador
denunciant
departament_de_química
depreciar
derrota
derruir
derruir-se
desacatament
desafecte
desafiant
desafiar
desafinar
desaplicat
desaprofitament_de_material
desastrós
desbocat
desbotonat
desbridat
descabellat
desconeixement
desconfiar
desconnectat
descontent
descurança
desdenyós
desemparat
desenredat
desequilibri_mental
desert
desescalada
desfer-se
desferra
desfeta
desfigurat
desgastar-se
desgavell
desgraciat
desinfecció
desistir
desmillorament
desmèrit
desnutrició
desodorant
desordre_gastrointestinal
desori
despanyar
despatxar
despentinar
despentinat
desprestigi
desproporció
despullament
desqualificar
dessaborit
dessagnar-se
destraler
destrer
destruit
desventurat
desvitalitzar
deteriorament
detonar
devantera
devolució
diableria
diarrea
dicranals
difamador
difracció
difús
dimoni_necròfag
dinamitar
dingo
dipsnea
dipsosaurus
dir_verbalment
disconforme
disenteria
disfemisme
disparar_un_canó
displàsia
dispèpsia
dissipar-se
distanciació
distopia
distorsionat
distès
distímia
divagar
diòxid_de_nitrogen
dogal
domador
dongle
dormir
dret_marítim
dubitatiu
durar
ebonita
ecologista
edentats
efectisme
ejecció
el_pitjor
electrocutar
emancipador
embargament_de_nòmina
embargar
emboirar-se
embolic
embravit
embrollat
embrunir-se
empatx
empelt_cutani
empitjorament
empitjorar
encanudir
encastament
encefalitis_letàrgica
encrostar
encruiximent
endergues
endiablat
endimoniat
endocarpi
endreçar
energia_cinètica
energia_eòlica
energia_radiant
enfrontar
engalipada
engalipador
engrunar
enjudiciar
enormitat
enrojolat
ensarronador
ensibornador
ensopir-se
entabanada
entabanador
enterbolir-se
entoloma
entossudit
entrecot
entremetedor
entremetedor
envalentit
envanit
enverinament
enyorar
epidemiologia
epilèpsia_postraumàtica
epilèptic
epònim
eradicació
erosiu
error_informàtic
erupció_volcànica
esbirro
esbucar
escabellat
escabrositat
escafandre
escapisme
escapulari
escarabat
escaramussa
escaramussar
escassedat
escatologia
escorxar-se
escridadissa
escuat
escudar
escura_pisos
escurat
escòria
esferocarpals
esfondrament
esgarrapada
esgarrifament
esgarrinxada
esgrunar
esmeril
esmollar
esmorteïment
esnobisme
espanyar
esparadrap
espatllàs
esperitat
espiell
espiera
espiritisme
espiritista
espiritualisme
espontaneïtat
espècie_humana
esquadró
esqueix
esqueixar
esquirol_de_terra
esquirolatge
esquivesa
estacionari
estafilococ
estannita
estar_amagat
estar_atent
esternut
estola
estomacar
estrenyecaps
estrident
estrucioniformes
estructura_defensiva
esventar
eurilaimid
eutanàsia
eutrofització
excedir-se
excentricitat
excesiu
exorcisme
experiència_sensorial
extrema_pobresa
extremisme
facilidad
facoquer
factor_decisiu
factor_determinant
fado
falcó_sagrat
faldellí
fals
fanfarroneria
fantotxe
farrigo-farrago
farsaire
farsaire
farsant
fatu
febre_paratifoide
febre_tifoide
febril
febrífug
feina_monòtona
fer-se_borrós
fer-se_malbé
fer_abaixar_el_preu
fer_atenció
fer_befa
fer_cruixir
fer_escarni
fer_una_reverència
ferida_de_guerra
ferro_número_cinc
fetilleria
fible
fibló
figura_retòrica
fimosi
final_de_copa
fintar
fisicoterapeuta
flagel·lar
flora
florit
florit
foc_antiaeri
foc_preparat
focs_artificials
focs_d'artifici
foia
folgat
folklore
folla
follia
fora
formatge_suís
força_centrífuga
forçut
foscam
foscúria
fotut
foxtrot
franciscà
frenesia
frenesí
frigorífic
fringíl·lid
fruir_de
frívol
fuetejar
fulla_trifoliada
funeral
furtador
fusta_d'auró
fusta_de_sicòmor
fímic
fúcsia
galeta_per_gossos
galifardeu
galteres
gambuix
gammaglobulina
gandul
gangrena
gangrena
gangsterisme
garantia_de_bon_fi
garantia_de_compliment
garreperia
garrotar
garrotejar
gasiveria
gastritis
gastritis_crònica
gat_del_desert
gat_maltès
gat_siamès
gatamoixeria
gaudir_de
gavina
gavinot
gavià
gel·laba
gemegar
gemir
genollera
genus_aethusa
genus_amsinckia
genus_anastomus
genus_anchusa
genus_anthonomus
genus_antilope
genus_bauhinia
genus_bos
genus_brachystegia
genus_cardamine
genus_cassiope
genus_cerapteryx
genus_cercosporella
genus_cocculus
genus_coptis
genus_crescentia
genus_dendroctonus
genus_dipsosaurus
genus_empetrum
genus_entoloma
genus_latrodectus
genus_lepiota
genus_limenitis
genus_monarda
genus_ozonium
genus_physostigma
genus_phytophthora
genus_pythium
genus_reticulitermes
genus_rosellinia
genus_scleroderma
genus_serrasalmus
genus_streptopelia
genus_syringa
genus_tussilago
genus_veratrum
gilbert
gipó
gitar-se
gladiador
glera
glàndula_submaxil·lar
golem
gonorrea
gorgera
gorra_de_dutxa
gorra_de_mariner
gorrer
gorrista
govern_titella
grampilló
granuloma
gratis
greix_poliinsaturat
greu
grisejar
grisenc
grisós
guant_de_boxa
guardabraç
guardafrens
guillada
guilladura
guinder
gàlban
gàngster
gènere_humà
haiku
harpía
hebefrènia
hecatombe
hematúria
hemiplegia
hemoptisi
heretgia
hereu
hidrocefàlia
hidrofòbic
hijab
hiperó
hipoclorit_de_sodi
hipocàpnia
hipopotassèmia
historiador_de_l'art
història_de_misteri
home_del_temps
home_llop
homicidi
hores
idiòcia
ignorant
ignífug
illegible
il·legal
il·legibilitat
imatges_predissenyades
imbecil
immigrant
immigrat
immund
immundícia
impenetrabilitat
imperatiu
imperceptible
impracticabilitat
impracticable
impredictible
impresentable
impressió_sensorial
imprevist
improductivitat
improperis
imprudència
inaccessibilitat
inadmissibilitat
inaguantable
incaut
incendi_forestal
incendi_intencionat
incoherència
incolor
incompetent
incompliment
incumbir
indecent
indecís
indefensable
indefinició
indesxifrable
indigestió
indiscret
inelegibilitat
inerme
inestabilitat
inexpert
infactible
infamador
infanticidi
infeliç
infiltrat
inflamació
inflamar-se
inhalador
inhumació
inhumà
injuriar
innocu
inoculació
inositol
inquietant
inquisició
insalubritat
insecticida
insensibilitat
insipidesa
insofrible
insonoritzar
inspector_general
instrument_de_tortura
insuficiència_renal
insuls
insurreción
insània
insígnia
insígnies
insípid
interdicció
interí
intimidar
intoxicació
intractable
intranquil·litzar
intrepidesa
intromissió
invalidesa
inverosimilitud
inviable
invisibilitat
inèdit
irracionalitat
irrealitzable
irreversibilitat
irrupció
ivori
janot
jarret
jeans
kart
kaó
kiang
kleenex
lamentar
lapidació
lapidar
larvicida
laterita
latitud_lunar
latrodectus
laurèola
legionella
lenitiu
lent_d'electrons
lent_de_gran_angular
leptospira
lesa_majestat
letalitat
leucèmia
libre
licàntrop
limenitis
limfoma
lisi
listeriosi
llaca
lladre_de_pisos
lladregot
llaga
llama
llanut
llardós
lledó
llei_islàmica
llençar_la_tovallola
llet_pasteuritzada
llibertí
llicenciós
lligon
llim
lliurea
lliça
lluita_lliure
llum_de_neó
llumí
llàstima
macar
macassar
maculació
magenta
magistratura
mala_administració
mala_fama
mala_sort
malalt
malalt_crònic
malalt_incurable
malapropisme
malbaratament_d'energia
maldient
maldiença
malenconiós
males_maneres
malesa
malfaent
malfiar-se
malformat
malguany
malintencionat
malvat
malversar
malware
malària
manca
manca_d'educació
manca_de_forma
mandrós
manefla
manganès
mangui
mantellina
mantó
maníac
maquinar
marcir
marró_vermellenc
marsala
mascara
masclet
masmorra
massacre
mata
material_bèl·lic
materialisme
matoll
matollar
mediocre
medul·la_oblonga
melancòlic
melanisme
melanosi
memòria_no_volàtil
meningitis
mentider
merla
metalepsi
metanol
metge_de_capçalera
metilfenidat
metxa
metzinós
metà
metàstasi
micronutrient
microona
migranya
militància
milà_negre
mineral_de_plom
mineria
minúcia
miscel·lània
misto
mitjà_de_comunicació_escrit
mixomatosi
mocador_de_cap
mocador_de_coll
mocador_de_paper
mod
mofar-se
monarquia
mongolisme
monoaural
monoplegia
monòxid_de_carboni
morbositat
mossegar-se
motada
moto
motí
moviment_reflex
mucositat
mucus
mullena
munt_d'escòria
muntanyós
murmuri
musclera
mustiar
mustiar-se
mustigar
màgia_negra
màmiga_raglan
màmpara
màrtir
nacrat
nanisme
narcolèpsia
narcotraficant
narcotràfic
nas
naufragi
necrofília
necrosi
necrosi
necròtic
negació
negrós
nerita
neurastènia
neutral
nevera
nigromància
nirvana
nitrobenzè
nivi
no-metall
no_metàlic
noble_vitalici
noguer
nosologia
noticiari_cinematogràfic
novaparla
novel·la_curta
nul
número_atòmic_22
número_atòmic_24
número_atòmic_25
número_atòmic_27
número_atòmic_34
número_atòmic_4
número_atòmic_73
objector
obliqüitat
oboè_d'amor
obscurantista
obsequiositat
obstruir
obtús
obès
ocell_de_presa
ocell_rapaç
ocell_rapinyaire
octòpode
oda
ofensiva
oficial_de_la_llei
oli
onagre
oncogen
opac
operació_d'intel·ligència
oportunidad
oposar-se
oprobi
oratge
order_phallales
ordir
ordre_d'animals
ordre_de_detenció
ordre_del_dia
oreig
orella_interna
orsar
ortopnea
osmosi_inversa
ostentós
ovella_negra
oxímoron
ozonium
pa_negre
pacificador
paixà
palatòsquisi
paleopatologia
paludisme
pal·liació
pal·liatiu
pancreatitis
pansir
pantalons_de_muntar
pantalons_texans
panxada
paper_carbó
paper_de_cartes
paracetamol
paral·lel
paranoia
paravent
parc_zoològic
parotiditis
parpallejar
parrac
parricidi
partit_polític
partícula_beta
partícula_elemental
paràlisi_cerebral
parèsic
pasma
passamà
passatger
pasteurel·losi
pasteurització
pastisset_farcit
patellida
patologia_vegetal
pega
pelacanyes
pell_de_gallina
pel·lagra
penalització
pensió_de_mala_mort
penumbra
peple
percaç
perdre_força
peridotita
periodontitis
perlí
permanganat_de_potassa
perpetració
perplexitat
persitent
persona_de_color
pertorbació_mental
pertorbador
pervers
pesta_septicèmica
pestanya
pesticida
peu_forcat
peça_d'escacs
peça_de_vestir
phallales
physostigma
phytophthora
picardies
picor
pidolaire
pillastre
pillet
pilota_de_golf
pintor_de_pa_sucat_amb_oli
pintora_de_pa_sucat_amb_oli
pinça_de_corbata
pirata_informàtic
piridina
pirotècnica
pitjora
pitjoria
plantador
planxada
planímetre
plasenteria
ploracossos
ploramorts
ploranera
ploriquejar
plutòcrata
poca-pena
poca-vergonya
polemitzar
poli
policia_montada_de_Canadà
polsar
polèmica
pompó
porqueria
port_de_muntanya
portar_mala_sort
posar_atenció
posar_barricades
posseït
possés
postilló
postulació
poti-poti
potollar
pre-eclàmpsia
pre-requisit
pregunta_difícil
preocupant
presbícia
prescrit
presumpte
presumptuós
pretenciós
previsió
primogènit
problema_difícil
problemes_de_visió
problemàtic
procurar-se
producte_perible
proferir
professar
progressió_geomètrica
prolixitat
prostatitis
protector_del_coll
protestació
prova_de_foc
prova_decisiva
pruna_de_Damasc
pseudofloema
psicologia_clínica
psicoterapeuta
psiquiatria
psitacosi
psocòpters
pteridosperma
pteridospermòpsid
pugilisme
pujol
punt_mort
putrescina
putrescència
pòlissa_flotant
pòlissa_oberta
quarsita
quedar-se_en_blanc
queratocon
querella
quimono
quinina
quixotisme
ramipril
raons
rapinyaire
raptar
ras
rauc
raça_humana
reaparèixer
rebeldia
rebentada
recelar
reconeixement_d'empremtes_dactilars
reconsideració
reconvenció
recursos_humans
recursos_laborals
recés
redeterminació
reelecció
referir
referència_anatòmica
reflex
reflex_instintiu
regent
regicidi
reglamentar
relat_d'aventures
remugar
rendir-se
renglera
renoc
renocat
reologia
reposapeus
repàs
requisit_previ
requisitòria
res_adjudicata
residu_tòxic
ressentit
ressonar_com_metall
ressonància_nuclear
ressorgir
ressucitar
restrenyiment
retall
reticulitermes
revolta
rigatoni
rigidesa
rinoceront_negre
rival
roba_de_feina
roba_interior
robador
rogallós
ronc
rondador
rondaire
rosellinia
rotenona
rovellar
rubials
rubèola
rudimentari
rufianeria
ràfega
règim_titella
rèquiem
salacot
salicilat_de_fenil
salicilat_de_metil
salol
saltamarges
sanció_pragmàtica
saprobi
sapròfit
saquejador
sarcoma
sarong_malai
saturnisme
scat
scleroderma
seca
secobarbital
segona_llei_de_la_termodinàmica
segrestar
seleni
semblança_mútua
sement
semença
sensació_de_pressió
sentir_enyorança_de
sentit_de_l'orientació
sentit_del_deure
senzillesa
sepeli
septicèmia
sepulcral
sepultura
serracaps
serrasalmus
servei_militar
setge
shorts
siamès
sicofant
similor
simposi
sincretitzar
sirena_de_boira
sirte
sistema_auditiu
sistema_de_pesos_i_mesures
sistema_de_propulsió
sobrenatural
sobrenaturalitat
soc
socarrar-se
soga
solcar
solidificació
soltura
sord
sordidesa
sorn
sospitós
sospitós_d'assesinat
sotana
sotragar
status_asmaticus
stout
streptopelia
streptopelia_turtur
subordinat
subproletariat
succionar
suor_freda
superar_en_estratègia
suposat
surrealisme
sutge
syringa
sègol_banyut
sèpsia
sèu
sí
síndrome
síndrome_de_down
taca_d'oli
taca_de_fang
taca_de_llot
taca_de_naixement
taca_de_naixença
taca_de_rovell
tacada
tacar-se
talidomida
taquineria
tarpan
tarquim
taràntula
tatuar
taujà
teatralitat
temperatura_baixa
tenebrositat
tensar
teratologia
terra_erma
teròpodes
testarut
texans
thriller
tie-break
tinyeta
tinyós
titani
toca
tombac
tortuositat
tos
tos_ferina
tossir
tovalló
toxèmia_gravídica
tractant_en_cavalls
tractar-se
traficant_d'armas
trampa_per_a_rates
trastorn_mental
trastornar
traïció
treball_feixuc
tricloroetilè
tricomonosi
triscadecafòbia
triumvir
trobat
trop
trànsit_religiós
tsunami
tuberculós
tularèmia
tumescent
tumor_benigne
turmentador
tussilago
tàntal
tàrtar_emètic
túmid
udolament
ulleres
ulleres_protectores
ullerós
uniformitat
unilateralisme
untuositat
usurpar
vacil·lant
vacuna
vacunació
vaga
vaixell_de_guerra
vandalisme
variabilitat
varicel·la
vell_arrosinat
vell_xaruc
venjador
vent
ventada
ventalla
ventar
ventejar
ventijol
ventolina
ventrellada
veratrum
verinós
vernís
versicle
vestidura
vestigial
vestit_de_bany
vestit_de_feina
vestit_de_vol_d'una_sola_peça
vestit_espacial
vestits_de_platja
vesània
veto
via_de_servei
via_morta
via_secundària
vicealmirall
vidu
vilipendiar
viltat
viuda
viudo
vividor
vori
vulcanita
vulgar
vídua
xacó
xancle
xapatge
xara
xaria
xec
xenofòbia
xeviot
xiu-xiueig
xoc_anafilàctic
xoriçada
xulo
zidovudina
ziti
zona_humida
zoo
zoofòbia
zoològic
zoonosi
àcid_bròmic
àcid_cròmic
àcid_fumàric
àcid_hipoclorós
àcid_maleic
àcid_nitrós
àcid_permangànic
ésser_mític
òbit
òpal_negre
