acontentar-se
afectuós
afició
afortunat
agradar
alegrar-se
alegre
amar
amorós
animat
apreci
aprovat
aprovatori
autosatisfacció
benefactor
beneficiós
benevolència
benèfic
bo
bonic
calmat
captivador
complaença
complagut
content
contentació
correcte
càlid
delectar
destre
dolç
embriagar
encertat
encisador
engatar
enginyós
engrescar
entusiasme
entusiasta
envalentir
estima
estimulador
estimulant
eufòria
excel·lent
excitació
exhuberància
expert
fascinant
favorable
felicitat
feliç
fervent
fervorós
gaubança
grat
hilarant
honorar
honrar
honrat
hàbil
ideal
idoni
intoxicar
jocunditat
joia
jovial
jovialitat
just
magnífic
manyós
optimista
optimístic
plaure
positiu
prometedor
rialler
satisfer
satisfet
satisfet_de_si_mateix
seductor
serè
somrient
tranquil·litzat
traçut
triomfador
triomfant
tònic
victoriós
vigoritzador
vigoritzant
útil
apacible
benèvol
bé
complaure
esperançador
maco
sa
satisfactori
sortós
acollidor
afable
agradós
amenitat
animós
atractiu
avantatjós
bell
benigne
bon_estat_físic
bona_forma_física
clamorós
clavat
cèlebre
delectable
delitable
delitós
destacable
dispost
en_forma
encantador
encomiar
esbargir-se
espaterrant
esplendorós
esplèndid
estupend
estètic
exculpar
famós
fenomenal
filàntrop
finíssim
forma_física
formós
genial
gloriós
goig
grat
harmoniós
heroisme
honorabilitat
incitament
magneficència
meravellós
millor
modèlic
notable
pacífic
partidari
passatemps
preciós
preferencial
preferent
prosperar
prosperitat
respectabilitat
respectable
rubicund
salubre
saludable
salvament
sancionar
seràfic
òptim
acceptable
adoptable
alabar
alcista
amable
amè
aprofitar-se
aprofitat
ben_fet
benaurança
benaventurança
beneficiar-se
benvingut
bona_voluntat
bufonejar
carismàtic
complaent
conformisme
congruència
constructiu
consumat
covenient
curatiu
decor
decòrum
desil·lusionar
diví
encert
escrupolositat
esponerós
exalçar
experimentat
falaguer
fastuós
festeig
fidedigne
flòrid
fotogènic
galanteig
gallard
ganes
gratificant
guaridor
honor
idoneïtat
informat
judiciós
lloar
mal·leabilitat
manipulador
mesurat
nutritiu
oportunista
panoràmic
plaent
plasticitat
plaïble
polifacètic
prosperós
puixant
pèrit
reconstructor
rectitud
sanatiu
sublim
substanciós
tractable
venturós
veterà
absort
abundant
abundós
acceptabilitat
accessible
aconsellable
adequació
adequat
adient
admirable
adornat
afirmatiu
agradable
ajogassat
angelical
angèlic
apaivagament
apropiat
aprovar
aprovat
apte
artístic
assequible
atraient
auxiliar
beneficiar
bergant
bona_persona
bona_salut
bona_sort
bufó
campió
capaç
caràcter_agradable
cast
caut
cautelós
cavaller
cavallerós
circumspecte
comestible
conciliador
conegut
confortable
conspirador
continuitat
convenient
copiós
correctiu
cortejar
creatiu
creativitat
cristià
càndid
decorat
defendre
deliciós
delitar-se
desenterrat
destresa
detallat
digne
dissociar
distingit
divertir-se
divertit
docte
educable
educat
eficiència
elaborat
elegant
elogiar
embadalit
enjogassat
entreteniment
entretingut
entusiasmat
epicuri
erudit
escaient
especialitzat
específic
estalvi
estimat
eufònic
evident
exacte
exemplar
explícit
extrafí
factible
fascinació
fecund
fer_la_cort
festejar
fiable
fidel
formatiu
fortitud
fèrtil
galant
galantejar
generós
graciós
grotesc
guai
guanyador
guapo
hospitalitat
identificable
il·luminar-se
il·lustrat
il·lès
imaginatiu
imponent
incitació
indemne
indicat
inferible
ingeniós
instruït
intel·lectual
intel·ligent
intencionat
interessant
interessar-se
inventiu
irreprotxable
jogasser
juganer
liberal
lleial
lletrat
llorejar
lògic
majestuós
maquinador
meravella
mereixedor
meritori
modificat
màxim
noble
observable
observança
ocurrent
oportú
optimista
ostensible
parlant
perfecte
perseverant
pertinent
petitó
pintoresc
pletòric
poliment
popularitat
posar_bé
potable
practicable
precaució
precís
preeminent
preferible
preponderant
productor
progressar
prolífer
prolífic
propici
propiciació
prudent
pròsper
purificat
qualitat_superior
raonat
realitzable
reanimat
recognoscible
reconciliador
reconegut
reconeixedor
refinar
refrescant
rehabilitador
remei
remirat
rentable
respectar
respecte
reverend
revivificar
sagaç
sant
savi
selecte
sensacional
sensat
sensual
senyorial
seriositat
servicial
sibarític
significant
simpàtic
sobreabundant
sorneguer
suficient
superabundant
susceptible
sà
súper
tatxonat
temptador
venerat
viable
victòria
vitalitzant
voluptuós
acabalat
aclamació
acomodat
aconsellat
acreditat
activat
actualitzat
adinerat
adreçat
afabilitat
afalagar
afirmatiu
aglomerat
agraït
al_dia
alcista
amat
amonedat
antisèptic
anunciar-se
aplaudiment
aplicat
après
arable
arbitrari
ascendible
assenyat
associable
asèptic
bajà
bastant
ben_definits
ben_educat
benestant
benestar
benparlant
benvolença
bestial
bon_gust
bon_temps
calibre
cansat
canviat
característic
caritatiu
casador
casat
causant
centellejant
centralitzador
civilitat
combustible
comparable
compassiu
compatibilitat
competència
complir
compromès
comèdia
condicionat
conforme
congratulació
connivència
conrador
conradís
consentiment_tàcit
constitucional
constructivitat
contestar
controvertit
convincent
coordinat
corporal
corregible
corregit
cultivable
cultivat
curós
còmode
decidit
declarable
declarat
dedicar
dedicat
definitiu
democràtic
desafectat
desencantar
desmuntable
dirigit
discernible
discrecional
disert
disposat
distingible
documentat
dúctil
economitzar
efectivitat
eloqüent
embergadura
emocionat
encadenat
enhorabona
enjoiat
entapissat
entenimentat
entretenir-se
entès
envellir-se
equilibri_mental
esclatant
esmaltat
esmenable
especialització
espiritualitat
esquerra
estabilitat
estipular
estratègic
estudiós
eufonia
eugenèsia
evitable
exaltar
excitant
exhaust
exhaustiu
existencial
existent
expeditiu
explicitació
extensíssim
extenuat
facècia
fama
fascinador
fatigat
fer_apropiat
fer_donació_de
fertilitat
fiabilitat
finor
fogositat
graciositat
grandiositat
grapar
gruixut
habilitat_social
homeopatia
honestedat
immodest
inapreciable
incorrupció
increïble
incrustat
individualitzat
influenciable
intencional
intensiu
intercanviable
invaluable
joc_de_saló
jovenívol
jurar
lavorable
legalitat
llauradís
meditat
miopia
misericordiós
niellat
nítid
núbil
objectiu
obligació_sense_garantía
obligació_simple
obtenible
obvi
ocupar-se_de
ocurrència_oportuna
opcional
optimisme
opulent
pacient_intern
paper_de_regal
parlat
passable
permissivitat
permutable
persuasiu
persuasió
petulant
plegable
pocavergonya
preparat
prest
previngut
probable
procedència
profús
programa_de_rehabilitació
prompte
promès
propiciatorietat
protagonisme
pròdig
quadern_d'escriptura
ratificar
realçament
rectificable
reemplaçable
regulable
rendibilitat
resolt
revelador
revellir
revellir-se
reversible
ribetejat
rivalitat
rosaci
rosadenc
rumbós
rumiat
saber_fer
salut_mental
sensualisme
sentit_comú
septicèmic
ser_apropiat
ser_igual_a
significatiu
somàtic
subjectable
sublimació
submergible
subsistir
substancialitat
summe
tenir_cura_de
tonicitat
torrencial
tracta
tècnic
usabilitat
usual
utilitarisme
validar
validat
verisme
víctor
